// Jest Snapshot v1, https://goo.gl/fbAQLP

exports[`<Partnership /> Renders the Partnership unchanged 1`] = `
.emotion-33 {
  background: #2891ff;
  min-height: 256px;
  background-size: contain;
  display: -webkit-box;
  display: -webkit-flex;
  display: -ms-flexbox;
  display: flex;
  -webkit-flex-wrap: wrap;
  -ms-flex-wrap: wrap;
  flex-wrap: wrap;
  padding-right: 2rem;
}

@media (max-width:60em) {
  .emotion-33 {
    -webkit-flex-direction: column;
    -ms-flex-direction: column;
    flex-direction: column;
    padding-right: 0;
  }
}

.emotion-10 {
  display: block;
  max-width: 720px;
  width: 100%;
  position: relative;
  margin: 0;
  margin-right: 37px;
  min-height: 256px;
}

@media (max-width:77.5em) {
  .emotion-10 {
    max-width: 600px;
  }
}

@media (max-width:64.375em) {
  .emotion-10 {
    max-width: 500px;
  }
}

@media (max-width:60em) {
  .emotion-10 {
    max-width: 100%;
    margin-right: 0;
    min-height: 131px;
  }
}

.emotion-0 {
  position: absolute;
  top: 0;
  left: 0;
  height: 100%;
  width: 100%;
  object-fit: cover;
  object-position: top;
  -webkit-transition: all ease-in 0.2s;
  transition: all ease-in 0.2s;
  opacity: 1;
}

.emotion-2 {
  position: absolute;
  top: 0;
  left: 0;
  height: 100%;
  width: 100%;
  object-fit: cover;
  object-position: top;
  -webkit-transition: all ease-in 0.2s;
  transition: all ease-in 0.2s;
  opacity: 0;
}

.emotion-31 {
  margin: 49px 0;
  max-width: 521px;
  -webkit-flex: 1;
  -ms-flex: 1;
  flex: 1;
}

@media (max-width:60em) {
  .emotion-31 {
    max-width: 100%;
    text-align: center;
    padding: 0 50px;
    margin-top: 24px;
  }
}

.emotion-12 {
  color: #ffffff;
  margin: 0;
  font-size: 28px;
  -webkit-letter-spacing: -0.2px;
  -moz-letter-spacing: -0.2px;
  -ms-letter-spacing: -0.2px;
  letter-spacing: -0.2px;
}

.emotion-14 {
  color: #ffffff;
  font-size: 14px;
  -webkit-letter-spacing: -0.1px;
  -moz-letter-spacing: -0.1px;
  -ms-letter-spacing: -0.1px;
  letter-spacing: -0.1px;
  margin: 13px 0 16px;
}

@media (max-width:60em) {
  .emotion-14 {
    margin-bottom: 29px;
  }
}

.emotion-16 a {
  color: #ffffff;
  cursor: pointer;
  width: 100px;
  height: 39px;
  border-radius: 19.5px;
  display: -webkit-box;
  display: -webkit-flex;
  display: -ms-flexbox;
  display: flex;
  -webkit-align-items: center;
  -webkit-box-align: center;
  -ms-flex-align: center;
  align-items: center;
  -webkit-box-pack: center;
  -webkit-justify-content: center;
  -ms-flex-pack: center;
  justify-content: center;
  font-weight: 600;
  font-size: 14px;
  border: solid 2px #ffffff;
  -webkit-transition: all ease-in 0.2s;
  transition: all ease-in 0.2s;
  margin-bottom: 28px;
}

.emotion-16 a:hover {
  -webkit-text-decoration: none;
  text-decoration: none;
  background: #ffffff;
  color: #2891ff;
}

@media (max-width:960px) {
  .emotion-16 a {
    width: 100%;
    height: 39px;
    font-size: 16px;
    font-weight: 600;
    margin-bottom: 32px;
    font-family: DINAlternateRegular,sans-serif;
  }
}

.emotion-29 {
  display: -webkit-box;
  display: -webkit-flex;
  display: -ms-flexbox;
  display: flex;
}

@media (max-width:60em) {
  .emotion-29 {
    margin-bottom: 32px;
    -webkit-box-pack: center;
    -webkit-justify-content: center;
    -ms-flex-pack: center;
    justify-content: center;
  }
}

.emotion-18 {
  width: 31px;
  height: 5px;
  display: block;
  border-radius: 4px;
  background-color: #ffffff;
  margin-left: 4px;
  cursor: pointer;
  -webkit-transition: all ease-in 0.2s;
  transition: all ease-in 0.2s;
}

.emotion-18:hover {
  width: 31px;
}

.emotion-20 {
  width: 13px;
  height: 5px;
  display: block;
  border-radius: 4px;
  background-color: #53A7FF;
  margin-left: 4px;
  cursor: pointer;
  -webkit-transition: all ease-in 0.2s;
  transition: all ease-in 0.2s;
}

.emotion-20:hover {
  width: 31px;
}

<div>
  <section
    class="emotion-33 emotion-34"
  >
    <figure
      class="emotion-10 emotion-11"
    >
      <img
        class="emotion-0 emotion-1"
        src="https://i0.wp.com/blog.sportswhereiam.com/wp-content/uploads/2020/01/Atalanta-BC-Ultras-Fans-Bergamo-Serie-A.jpg?w=1920&ssl=1"
      />
      <img
        class="emotion-2 emotion-1"
        src="https://i0.wp.com/blog.sportswhereiam.com/wp-content/uploads/2020/01/Atalanta-BC-Ultras-Fans-Bergamo-Serie-A.jpg?w=1920&ssl=1"
      />
      <img
        class="emotion-2 emotion-1"
        src="https://i0.wp.com/blog.sportswhereiam.com/wp-content/uploads/2020/01/Atalanta-BC-Ultras-Fans-Bergamo-Serie-A.jpg?w=1920&ssl=1"
      />
      <img
        class="emotion-2 emotion-1"
        src="https://i0.wp.com/blog.sportswhereiam.com/wp-content/uploads/2020/01/Atalanta-BC-Ultras-Fans-Bergamo-Serie-A.jpg?w=1920&ssl=1"
      />
      <img
        class="emotion-2 emotion-1"
        src="https://i0.wp.com/blog.sportswhereiam.com/wp-content/uploads/2020/01/Atalanta-BC-Ultras-Fans-Bergamo-Serie-A.jpg?w=1920&ssl=1"
      />
    </figure>
    <article
      class="emotion-31 emotion-32"
    >
      <header>
        <h1
          class="emotion-12 emotion-13"
        >
          Trip Ideas 0
        </h1>
      </header>
      <p
        class="emotion-14 emotion-15"
      >
        Atalanta B.C. fans: One of the most extreme Ultra cultures in European Football 0
      </p>
      <div
        class="emotion-16 emotion-17"
      >
        <a
          href="https://blog.sportswhereiam.com/2020/01/atalanta-b-c-fans-one-of-the-most-extreme-ultra-cultures-in-european-football/"
        >
          More
        </a>
      </div>
      <div
        class="emotion-28 emotion-29 emotion-30"
      >
        <span
          class="emotion-18 emotion-19"
          role="control-1"
        />
        <span
          class="emotion-20 emotion-19"
          role="control-2"
        />
        <span
          class="emotion-20 emotion-19"
          role="control-3"
        />
        <span
          class="emotion-20 emotion-19"
          role="control-4"
        />
        <span
          class="emotion-20 emotion-19"
          role="control-5"
        />
      </div>
    </article>
  </section>
</div>
`;
