// Jest Snapshot v1, https://goo.gl/fbAQLP

exports[`<MapTooltip /> Renders the MapTooltip 1`] = `
.emotion-8 {
  position: relative;
  padding: 24px;
  border-radius: 9px;
  display: -webkit-box;
  display: -webkit-flex;
  display: -ms-flexbox;
  display: flex;
  -webkit-flex-direction: column;
  -ms-flex-direction: column;
  flex-direction: column;
  width: 339px;
  background-color: #ffffff;
}

.emotion-0 {
  opacity: 0.8;
  font-family: Inter,sans-serif;
  font-style: normal;
  font-size: 17px;
  font-weight: bold;
  -webkit-letter-spacing: -0.12px;
  -moz-letter-spacing: -0.12px;
  -ms-letter-spacing: -0.12px;
  letter-spacing: -0.12px;
  color: #2891ff;
}

.emotion-0:hover {
  -webkit-text-decoration: none;
  text-decoration: none;
  cursor: pointer;
}

.emotion-2 {
  opacity: 0.8;
  font-family: Inter,sans-serif;
  font-style: normal;
  font-size: 14px;
  -webkit-letter-spacing: -0.1px;
  -moz-letter-spacing: -0.1px;
  -ms-letter-spacing: -0.1px;
  letter-spacing: -0.1px;
  color: #000000;
}

.emotion-4 {
  margin: 0;
  padding: 0;
  opacity: 0.8;
  font-family: Inter,sans-serif;
  font-style: normal;
  font-size: 12.3px;
  -webkit-letter-spacing: -0.1px;
  -moz-letter-spacing: -0.1px;
  -ms-letter-spacing: -0.1px;
  letter-spacing: -0.1px;
  color: #6c6b6b;
}

.emotion-6 {
  position: absolute;
  right: 16px;
  top: 45.5px;
}

.emotion-6:hover {
  cursor: pointer;
}

<div>
  <div
    aria-haspopup="true"
    class="__react_component_tooltip t00000000-0000-4000-8000-000000000000 place-top type-dark allow_hover"
    data-id="tooltip"
    id="id-123"
  >
    <style>
      
  	.t00000000-0000-4000-8000-000000000000 {
	    color: #fff;
	    background: #222;
	    border: 1px solid transparent;
  	}

  	.t00000000-0000-4000-8000-000000000000.place-top {
        margin-top: -10px;
    }
    .t00000000-0000-4000-8000-000000000000.place-top::before {
        border-top: 8px solid transparent;
    }
    .t00000000-0000-4000-8000-000000000000.place-top::after {
        border-left: 8px solid transparent;
        border-right: 8px solid transparent;
        bottom: -6px;
        left: 50%;
        margin-left: -8px;
        border-top-color: #222;
        border-top-style: solid;
        border-top-width: 6px;
    }

    .t00000000-0000-4000-8000-000000000000.place-bottom {
        margin-top: 10px;
    }
    .t00000000-0000-4000-8000-000000000000.place-bottom::before {
        border-bottom: 8px solid transparent;
    }
    .t00000000-0000-4000-8000-000000000000.place-bottom::after {
        border-left: 8px solid transparent;
        border-right: 8px solid transparent;
        top: -6px;
        left: 50%;
        margin-left: -8px;
        border-bottom-color: #222;
        border-bottom-style: solid;
        border-bottom-width: 6px;
    }

    .t00000000-0000-4000-8000-000000000000.place-left {
        margin-left: -10px;
    }
    .t00000000-0000-4000-8000-000000000000.place-left::before {
        border-left: 8px solid transparent;
    }
    .t00000000-0000-4000-8000-000000000000.place-left::after {
        border-top: 5px solid transparent;
        border-bottom: 5px solid transparent;
        right: -6px;
        top: 50%;
        margin-top: -4px;
        border-left-color: #222;
        border-left-style: solid;
        border-left-width: 6px;
    }

    .t00000000-0000-4000-8000-000000000000.place-right {
        margin-left: 10px;
    }
    .t00000000-0000-4000-8000-000000000000.place-right::before {
        border-right: 8px solid transparent;
    }
    .t00000000-0000-4000-8000-000000000000.place-right::after {
        border-top: 5px solid transparent;
        border-bottom: 5px solid transparent;
        left: -6px;
        top: 50%;
        margin-top: -4px;
        border-right-color: #222;
        border-right-style: solid;
        border-right-width: 6px;
    }
  
    </style>
    <div
      class="emotion-8 emotion-9"
    >
      <a
        class="emotion-0 emotion-1"
      >
        Great event
      </a>
      <span
        class="emotion-2 emotion-3"
      >
        Online
      </span>
      <p
        class="emotion-4 emotion-5"
      >
        Your web browser
      </p>
      <a
        class="emotion-6 emotion-7"
      >
        <svg
          fill="none"
          height="28"
          viewBox="0 0 16 28"
          width="16"
          xmlns="http://www.w3.org/2000/svg"
        >
          <path
            d="M0 2.30739L12.3001 13.999L0.000981601 25.6902L1.79731 27.5L16 13.999L1.79731 0.5L0 2.30739Z"
            fill="#2A98FF"
          />
        </svg>
      </a>
    </div>
  </div>
</div>
`;
