// Jest Snapshot v1, https://goo.gl/fbAQLP

exports[`<TabMenu /> Renders TabMenupage unchanged 1`] = `
.emotion-20 {
  list-style-type: none;
  padding: 0;
}

@media (max-width:48em) {
  .emotion-20 li a {
    margin-right: 16px;
  }

  .emotion-20:first-of-type a {
    margin-left: 10px;
  }
}

.emotion-2 {
  display: inline-block;
}

.emotion-2:last-of-type a {
  margin-right: 0;
}

.emotion-0 {
  color: #ffffff;
  cursor: pointer;
  display: inline-block;
  font-family: Inter,sans-serif;
  font-size: 21px;
  font-weight: 400;
  line-height: 28px;
  -webkit-letter-spacing: -0.1465116px;
  -moz-letter-spacing: -0.1465116px;
  -ms-letter-spacing: -0.1465116px;
  letter-spacing: -0.1465116px;
  margin-right: 40px;
  padding-bottom: 2px;
  -webkit-text-decoration: none;
  text-decoration: none;
  border-bottom: solid 2px transparent;
  -webkit-transition: all 0.3s ease-in;
  transition: all 0.3s ease-in;
}

.emotion-0:hover {
  -webkit-text-decoration: none;
  text-decoration: none;
  border-bottom: solid 2px #2891ff;
}

li:last-child > .emotion-0 {
  padding-right: 0;
}

@media (max-width:48em) {
  .emotion-0 {
    font-size: 18px;
    line-height: 21px;
    -webkit-letter-spacing: -0.1116279px;
    -moz-letter-spacing: -0.1116279px;
    -ms-letter-spacing: -0.1116279px;
    letter-spacing: -0.1116279px;
    opacity: 0.6;
  }

  .emotion-0:hover {
    opacity: 1;
  }
}

@media (max-width:29.125em) {
  .emotion-0 {
    font-size: 16px;
  }
}

@media (max-width:22.5em) {
  .emotion-0 {
    font-size: 14px;
  }
}

.emotion-0 {
  opacity: 1;
  border-bottom: 2px solid #2891ff;
  font-weight: 600;
}

.emotion-4 {
  color: #ffffff;
  cursor: pointer;
  display: inline-block;
  font-family: Inter,sans-serif;
  font-size: 21px;
  font-weight: 400;
  line-height: 28px;
  -webkit-letter-spacing: -0.1465116px;
  -moz-letter-spacing: -0.1465116px;
  -ms-letter-spacing: -0.1465116px;
  letter-spacing: -0.1465116px;
  margin-right: 40px;
  padding-bottom: 2px;
  -webkit-text-decoration: none;
  text-decoration: none;
  border-bottom: solid 2px transparent;
  -webkit-transition: all 0.3s ease-in;
  transition: all 0.3s ease-in;
}

.emotion-4:hover {
  -webkit-text-decoration: none;
  text-decoration: none;
  border-bottom: solid 2px #ffffff;
}

li:last-child > .emotion-4 {
  padding-right: 0;
}

@media (max-width:48em) {
  .emotion-4 {
    font-size: 18px;
    line-height: 21px;
    -webkit-letter-spacing: -0.1116279px;
    -moz-letter-spacing: -0.1116279px;
    -ms-letter-spacing: -0.1116279px;
    letter-spacing: -0.1116279px;
    opacity: 0.6;
  }

  .emotion-4:hover {
    opacity: 1;
  }
}

@media (max-width:29.125em) {
  .emotion-4 {
    font-size: 16px;
  }
}

@media (max-width:22.5em) {
  .emotion-4 {
    font-size: 14px;
  }
}

.emotion-22 {
  display: -webkit-box;
  display: -webkit-flex;
  display: -ms-flexbox;
  display: flex;
  -webkit-flex-wrap: wrap;
  -ms-flex-wrap: wrap;
  flex-wrap: wrap;
}

@media (max-width:78.25em) {
  .emotion-22 {
    -webkit-box-pack: center;
    -webkit-justify-content: center;
    -ms-flex-pack: center;
    justify-content: center;
  }
}

<div>
  <ul
    class="emotion-20 emotion-21"
  >
    <li
      class="emotion-2 emotion-3"
    >
      <a
        class="emotion-0 emotion-1"
      >
        Popular
      </a>
    </li>
    <li
      class="emotion-2 emotion-3"
    >
      <a
        class="emotion-4 emotion-1"
      >
        Events
      </a>
    </li>
    <li
      class="emotion-2 emotion-3"
    >
      <a
        class="emotion-4 emotion-1"
      >
        Cities
      </a>
    </li>
    <li
      class="emotion-2 emotion-3"
    >
      <a
        class="emotion-4 emotion-1"
      >
        Hotels
      </a>
    </li>
    <li
      class="emotion-2 emotion-3"
    >
      <a
        class="emotion-4 emotion-1"
      >
        Experiences
      </a>
    </li>
  </ul>
  <div
    class="emotion-22 emotion-23"
  >
    Popular content
  </div>
</div>
`;
