// Jest Snapshot v1, https://goo.gl/fbAQLP

exports[`<Select /> Renders the select unchanged 1`] = `
.emotion-2 {
  position: relative;
}

.emotion-0 {
  -webkit-appearance: none;
  -moz-appearance: none;
  appearance: none;
  background-image: url(mocked-file);
  background-position: 95% 50%;
  background-repeat: no-repeat;
  background-color: transparent;
  border: 2px solid #ffffff;
  border-radius: 25px;
  color: #ffffff;
  display: block;
  font-size: 16px;
  cursor: pointer;
  font-weight: 600;
  outline: none;
  width: 100%;
  height: 45px;
  padding: 0rem 3rem;
}

<div>
  <div
    class="emotion-2 emotion-3"
  >
    <select
      class="emotion-0 emotion-1"
    >
      <option
        value=""
      />
      <option />
      <option />
      <option />
      <option />
      <option />
    </select>
  </div>
</div>
`;
